]0;/home/captainkay/Desktop/data-shell/R-tests]0;captainkay@RoyalFortuneMint: ~/Desktop/data-shell/R-tests[01;32mcaptainkay[00m:[01;34mR-tests[00m$ [K]0;captainkay@RoyalFortuneMint: ~/Desktop/data-shell/R-tests[01;32mcaptainkay[00m:[01;34mR-tests[00m$ cd Des[K[K[K[K[K[Kls
my_script.R  R-tests.Rproj
]0;/home/captainkay/Desktop/data-shell/R-tests]0;captainkay@RoyalFortuneMint: ~/Desktop/data-shell/R-tests[01;32mcaptainkay[00m:[01;34mR-tests[00m$ pwd
/home/captainkay/Desktop/data-shell/R-tests
]0;/home/captainkay/Desktop/data-shell/R-tests]0;captainkay@RoyalFortuneMint: ~/Desktop/data-shell/R-tests[01;32mcaptainkay[00m:[01;34mR-tests[00m$ mkdir data
]0;/home/captainkay/Desktop/data-shell/R-tests]0;captainkay@RoyalFortuneMint: ~/Desktop/data-shell/R-tests[01;32mcaptainkay[00m:[01;34mR-tests[00m$ cd data/
]0;/home/captainkay/Desktop/data-shell/R-tests/data]0;captainkay@RoyalFortuneMint: ~/Desktop/data-shell/R-tests/data[01;32mcaptainkay[00m:[01;34mdata[00m$ ls
gapminder_data.csv
]0;/home/captainkay/Desktop/data-shell/R-tests/data]0;captainkay@RoyalFortuneMint: ~/Desktop/data-shell/R-tests/data[01;32mcaptainkay[00m:[01;34mdata[00m$ cd ..
]0;/home/captainkay/Desktop/data-shell/R-tests]0;captainkay@RoyalFortuneMint: ~/Desktop/data-shell/R-tests[01;32mcaptainkay[00m:[01;34mR-tests[00m$ pwd
/home/captainkay/Desktop/data-shell/R-tests
]0;/home/captainkay/Desktop/data-shell/R-tests]0;captainkay@RoyalFortuneMint: ~/Desktop/data-shell/R-tests[01;32mcaptainkay[00m:[01;34mR-tests[00m$ git init
Initialized empty Git repository in /home/captainkay/Desktop/data-shell/R-tests/.git/
]0;/home/captainkay/Desktop/data-shell/R-tests]0;captainkay@RoyalFortuneMint: ~/Desktop/data-shell/R-tests[01;32mcaptainkay[00m:[01;34mR-tests[00m$ git status
On branch master

No commits yet

Untracked files:
  (use "git add <file>..." to include in what will be committed)

	[31m.Rproj.user/[m
	[31mR-tests.Rproj[m
	[31mdata/[m
	[31mmy_script.R[m

nothing added to commit but untracked files present (use "git add" to track)
]0;/home/captainkay/Desktop/data-shell/R-tests]0;captainkay@RoyalFortuneMint: ~/Desktop/data-shell/R-tests[01;32mcaptainkay[00m:[01;34mR-tests[00m$ git add .
clear
[3J[H[2J]0;/home/captainkay/Desktop/data-shell/R-tests]0;captainkay@RoyalFortuneMint: ~/Desktop/data-shell/R-tests[01;32mcaptainkay[00m:[01;34mR-tests[00m$ git add .
]0;/home/captainkay/Desktop/data-shell/R-tests]0;captainkay@RoyalFortuneMint: ~/Desktop/data-shell/R-tests[01;32mcaptainkay[00m:[01;34mR-tests[00m$ p[Kgit pull
Already up to date.
]0;/home/captainkay/Desktop/data-shell/R-tests]0;captainkay@RoyalFortuneMint: ~/Desktop/data-shell/R-tests[01;32mcaptainkay[00m:[01;34mR-tests[00m$ git commit -m "plotting example"
[master c51a483] plotting example
 6 files changed, 25 insertions(+), 2 deletions(-)
 rewrite .Rproj.user/51125445/console06/INDEX001 (73%)
 create mode 100644 PlotExample_ggplot2.R
]0;/home/captainkay/Desktop/data-shell/R-tests]0;captainkay@RoyalFortuneMint: ~/Desktop/data-shell/R-tests[01;32mcaptainkay[00m:[01;34mR-tests[00m$ git push
Username for 'https://github.com': KristinaDavis
Password for 'https://KristinaDavis@github.com': 
Counting objects: 15, done.
Compressing objects:   7% (1/13)   Compressing objects:  15% (2/13)   Compressing objects:  23% (3/13)   Compressing objects:  30% (4/13)   Compressing objects:  38% (5/13)   Compressing objects:  46% (6/13)   Compressing objects:  53% (7/13)   Compressing objects:  61% (8/13)   Compressing objects:  69% (9/13)   Compressing objects:  76% (10/13)   Compressing objects:  84% (11/13)   Compressing objects:  92% (12/13)   Compressing objects: 100% (13/13)   Compressing objects: 100% (13/13), done.
Writing objects:   6% (1/15)   Writing objects:  13% (2/15)   Writing objects:  20% (3/15)   Writing objects:  26% (4/15)   Writing objects:  33% (5/15)   Writing objects:  40% (6/15)   Writing objects:  46% (7/15)   Writing objects:  53% (8/15)   Writing objects:  60% (9/15)   Writing objects:  66% (10/15)   Writing objects:  73% (11/15)   Writing objects:  80% (12/15)   Writing objects:  86% (13/15)   Writing objects:  93% (14/15)   Writing objects: 100% (15/15)   Writing objects: 100% (15/15), 1.40 KiB | 1.40 MiB/s, done.
Total 15 (delta 6), reused 0 (delta 0)
remote: Resolving deltas:   0% (0/6)   [Kremote: Resolving deltas:  16% (1/6)   [Kremote: Resolving deltas:  33% (2/6)   [Kremote: Resolving deltas:  50% (3/6)   [Kremote: Resolving deltas:  66% (4/6)   [Kremote: Resolving deltas:  83% (5/6)   [Kremote: Resolving deltas: 100% (6/6)   [Kremote: Resolving deltas: 100% (6/6), completed with 6 local objects.[K
To https://github.com/KristinaDavis/R-carpentry.git
   88ab338..c51a483  master -> master
]0;/home/captainkay/Desktop/data-shell/R-tests]0;captainkay@RoyalFortuneMint: ~/Desktop/data-shell/R-tests[01;32mcaptainkay[00m:[01;34mR-tests[00m$ [K]0;captainkay@RoyalFortuneMint: ~/Desktop/data-shell/R-tests[01;32mcaptainkay[00m:[01;34mR-tests[00m$ git status
On branch dplyr
Your branch is up to date with 'origin/dplyr'.

Changes not staged for commit:
  (use "git add <file>..." to update what will be committed)
  (use "git checkout -- <file>..." to discard changes in working directory)

	[31mmodified:   .Rproj.user/51125445/console06/ED492618[m
	[31mmodified:   .Rproj.user/51125445/console06/INDEX001[m
	[31mmodified:   .Rproj.user/51125445/sources/prop/423BA54F[m
	[31mmodified:   my_script.R[m

no changes added to commit (use "git add" and/or "git commit -a")
]0;/home/captainkay/Desktop/data-shell/R-tests]0;captainkay@RoyalFortuneMint: ~/Desktop/data-shell/R-tests[01;32mcaptainkay[00m:[01;34mR-tests[00m$ git add .